00000104 A num_got_entries
bc000000 T _start
bc000400 t reset
bc000664 t CPLL_DONE
bc0006c0 t DDR_READY
bc000860 t SDRAM_INIT_DOWN
bc000868 t tRFCinit
bc000960 T relocate_code
bc0009bc t in_ram
bc000a1c t romReserved
bc000a20 t romExcHandle
bc000a24 T init_cpu_pll
bc000b7c t CPLL_EXIT
bc000b80 T SDR_CFG0_TBL
bc000ba0 T SDR_CFG1_TBL
bc000bc0 T DDR1_CFG0_TBL
bc000be8 T DDR1_CFG1_TBL
bc000c10 t DDR1_CFG2_TBL
bc000c38 t DDR1_CFG3_TBL
bc000c60 t DDR1_CFG4_TBL
bc000c88 T DDR2_CFG0_TBL
bc000ca8 T DDR2_CFG1_TBL
bc000cc8 t DDR2_CFG2_TBL
bc000ce8 t DDR2_CFG3_TBL
bc000d08 t DDR2_CFG4_TBL
bc000d30 T sbrk
bc000d80 T board_init_f
bc001030 T OperationSelect
bc0010f0 T tftp_config
bc0015c4 T trigger_hw_reset
bc0015cc T rw_rf_reg
bc0016bc T config_usb_ehciohci
bc0016f4 T disable_pcie
bc001714 T board_init_r
bc002668 T hang
bc002698 T do_rw_rf
bc0027e0 t mips_count_get
bc0027e8 T timer_init
bc0027fc T get_timer
bc002840 T udelay
bc0028d0 T mdelay
bc002920 T NetSetEther
bc0029a0 T ArpRequest
bc002b0c t startAgainTimeout
bc002b28 t startAgainHandler
bc002b30 T NetSetTimeout
bc002b94 T NetSetHandler
bc002bac T NetStartAgain
bc002ca0 T ArpTimeoutCheck
bc002d70 T NetSendPacket
bc002d88 T NetCksum
bc002dd0 T NetSetIP
bc002f44 T NetSendUDPPacket
bc003110 T NetCksumOk
bc003150 T NetReceive
bc00374c T NetEthHdrSize
bc003754 T copy_filename
bc0037c8 T ip_to_string
bc003848 T string_to_ip
bc00390c T getenv_IPaddr
bc003948 T NetLoop
bc003df4 T print_IPaddr
bc003e40 T TftpSend
bc004060 t TftpHandler
bc004410 t TftpTimeout
bc0044a4 T TftpStart
bc004750 T eth_parse_enetaddr
bc0047f0 T eth_register
bc00485c T eth_initialize
bc004a9c T eth_try_another
bc004ad4 T eth_init
bc004b84 T eth_halt
bc004bdc T eth_send
bc004c14 T eth_rx
bc004c50 T START_ETH
bc004cb0 T STOP_ETH
bc004d18 T rt2880_free_buf_entry_dequeue
bc004d4c t rt2880_free_buf_entry_enqueue
bc004dcc T rt2880_eth_initialize
bc00501c T IsSwitchVlanTableBusy
bc005098 T LANWANPartition
bc0050a0 T isDMABusy
bc005110 t rt2880_eth_init
bc005478 T rt_gsw_init
bc005bd0 t rt2880_eth_send
bc005d94 t rt2880_eth_recv
bc005fa4 T rt2880_eth_halt
bc005fbc t delete_char
bc006114 T readline
bc0063f8 T input_value
bc006490 T enable_mdio
bc0064c4 T __mii_mgr_read
bc006628 T __mii_mgr_write
bc00678c T mii_mgr_read
bc006874 T mii_mgr_write
bc006924 T dump_phy_reg
bc006ae0 T rt2880_mdio_access
bc007140 T spic_init
bc00724c t raspi_cmd
bc0074a0 t raspi_write_rg
bc00755c t raspi_read_sr
bc0075ec t raspi_write_sr
bc007680 t raspi_wait_ready
bc007764 t raspi_4byte_mode
bc0079c8 T chip_prob
bc007b3c T raspi_init
bc007b94 T raspi_erase
bc007e04 T raspi_read
bc007f4c T raspi_write
bc0082b0 T raspi_erase_write
bc0086d0 T do_mem_cp
bc0087fc T do_flerase
bc008af0 T run_command
bc008ff4 T main_loop
bc009100 T do_go
bc0091e0 T print_image_hdr
bc009594 T do_bootm
bc009ba0 T send_pad
bc009bf8 T ktrans
bc009c34 T chk1
bc009c6c T s1_sendpacket
bc009ccc T send_ack
bc009d58 T send_nack
bc009de4 t bin_data_init
bc009e14 t bin_data_char
bc009e60 T k_data_init
bc009e80 T k_data_save
bc009ed0 T k_data_restore
bc009f20 T k_data_char
bc009fc4 T handle_send_packet
bc00a224 T do_load_serial_bin
bc00a870 T do_tftpb
bc00aca0 T cmd_get_data_size
bc00ad58 T do_mem_md
bc00b028 T do_mem_base
bc00b094 T do_mem_loop
bc00b21c t mod_mem
bc00b428 T do_mem_nm
bc00b470 T do_mem_mm
bc00b4c0 t envmatch
bc00b564 T do_printenv
bc00b7d4 T _do_setenv
bc00bec4 T setenv
bc00bf18 T do_setenv
bc00bf8c T getenv
bc00c064 T do_saveenv
bc00c0c0 T do_version
bc00c100 T find_cmd
bc00c220 T do_help
bc00c4b0 t console_setfile
bc00c598 T serial_printf
bc00c5f0 T fgetc
bc00c628 T ftstc
bc00c660 T fputc
bc00c6a4 T fputs
bc00c6e4 T fprintf
bc00c744 T getc
bc00c784 T tstc
bc00c7c4 T putc
bc00c80c T puts
bc00c84c T printf
bc00c8a4 T vprintf
bc00c8f0 T ctrlc
bc00c974 T disable_ctrlc
bc00c990 T had_ctrlc
bc00c9a8 T clear_ctrlc
bc00c9c0 T dbg
bc00c9d0 T console_assign
bc00caec T console_init_f
bc00cafc T console_init_r
bc00cc70 T device_register
bc00ccb4 T devices_init
bc00cdb0 T devices_done
bc00cdf0 T malloc_bin_reloc
bc00ce30 t do_check_chunk
bc00ce38 t do_check_free_chunk
bc00ce40 t do_check_inuse_chunk
bc00ce48 t do_check_malloced_chunk
bc00ce50 T malloc_trim
bc00cf78 T free
bc00d1ec T malloc
bc00d938 T realloc
bc00deac T memalign
bc00e044 T valloc
bc00e060 T pvalloc
bc00e084 T calloc
bc00e198 T cfree
bc00e1b0 T malloc_usable_size
bc00e208 T mallopt
bc00e2a0 T env_crc_update
bc00e2f0 t env_get_char_init
bc00e33c T env_get_char_memory
bc00e370 T env_get_addr
bc00e3a0 T env_relocate
bc00e490 t dummy
bc00e498 T get_version
bc00e4a0 T jumptable_init
bc00e540 T NewHandle
bc00e5ec T DisposeHandle
bc00e648 T GetHandleSize
bc00e650 T SetHandleSize
bc00e718 T ListCreate
bc00e788 T ListDispose
bc00e7a0 T ListInsertItems
bc00e9ec T ListInsertItem
bc00ea04 T ListGetPtrToItem
bc00ea44 T ListNumItems
bc00ea50 T env_get_char_spec
bc00ea60 T env_init
bc00ea84 T spi_env_init
bc00eb50 T saveenv
bc00ecac T env_relocate_spec
bc00ece0 T crc32
bc00ef00 T display_options
bc00ef40 T print_size
bc00f050 T strchr
bc00f08c T strlen
bc00f0b0 T strrchr
bc00f128 T strnlen
bc00f164 T memset
bc00f190 T memcpy
bc00f1c0 T memmove
bc00f23c T memcmp
bc00f270 T simple_strtoul
bc00f364 T simple_strtol
bc00f3b4 t skip_atoi
bc00f414 t number
bc00f688 T vsprintf
bc00fbe4 T sprintf
bc00fc20 T panic
bc00fca0 T RangeDecoderReadByte
bc00fcd4 T RangeDecoderInit
bc00fd5c T RangeDecoderDecodeDirectBits
bc00fe18 T RangeDecoderBitDecode
bc00ff2c T RangeDecoderBitTreeDecode
bc00ffc0 T RangeDecoderReverseBitTreeDecode
bc010064 T LzmaLiteralDecode
bc0100d4 T LzmaLiteralDecodeMatch
bc0101ac T LzmaLenDecode
bc010298 T LzmaDecode
bc01070c T lzmaBuffToBuffDecompress
bc010920 T get_ram_size
bc010a54 T initdram
bc010a90 T checkboard
bc010ad0 T serial_setbrg
bc010b38 T serial_init
bc010b70 T serial_putc
bc010bc4 T serial_tstc
bc010bd8 T serial_getc
bc010bfc T serial_puts
bc010c50 T do_reset
bc010c68 T flush_cache
bc010d04 T flush_dcache_range
bc010d44 T invalidate_dcache_range
bc010d90 t linux_env_set
bc010eb8 T do_bootm_linux
bc0116a0 R version_string
bc011740 r __func__.2
bc011750 r __func__.1
bc011760 r __func__.3
bc011770 r __func__.6
bc011784 r __func__.7
bc011798 r __func__.10
bc0117ac r __func__.9
bc0117b8 r __func__.0
bc0117c8 r __func__.8
bc0117d4 r __func__.5
bc0117e0 r __func__.4
bc0118c0 r baudrate_table
bc0118e0 r p.0
bc014640 D NetBcastAddr
bc014650 d tab_seq
bc01465c d erase_seq
bc014660 D load_addr
bc014670 D dp_last_length
bc014680 d mmap_threshold
bc014684 d trim_threshold
bc014688 d sbrk_base
bc014690 D default_environment
bc014700 d flash_addr
bc014710 d crc_table_empty
bc014720 D _ctype
bc014820 d chips_data
bc014b80 D stdio_names
bc014b8c d av_
bc014f94 D env_get_char
bc014f98 D env_name_spec
bc014fa0 A _gp
bc014fa0 D _GLOBAL_OFFSET_TABLE_
bc014fa0 D __got_start
bc0153b0 A __u_boot_cmd_start
bc0153b0 D __got_end
bc0153b0 D __u_boot_cmd_rf
bc0153c8 D __u_boot_cmd_mdio
bc0153e0 D __u_boot_cmd_erase
bc0153f8 D __u_boot_cmd_cp
bc015410 D __u_boot_cmd_reset
bc015428 D __u_boot_cmd_go
bc015440 D __u_boot_cmd_bootm
bc015458 D __u_boot_cmd_loadb
bc015470 D __u_boot_cmd_tftpboot
bc015488 D __u_boot_cmd_nm
bc0154a0 D __u_boot_cmd_mm
bc0154b8 D __u_boot_cmd_md
bc0154d0 D __u_boot_cmd_saveenv
bc0154e8 D __u_boot_cmd_setenv
bc015500 D __u_boot_cmd_printenv
bc015518 D __u_boot_cmd_question_mark
bc015530 D __u_boot_cmd_help
bc015548 D __u_boot_cmd_version
bc015560 A __u_boot_cmd_end
bc015560 A uboot_end_data
bc015560 B modifies
bc015564 b mem_malloc_start
bc015568 b mem_malloc_end
bc01556c b mem_malloc_brk
bc015570 b file_name_space
bc0155f0 B NetTxPacket
bc0155f4 B NetEtherNullAddr
bc0155fc B NetServerEther
bc015602 B NetBootFileSize
bc015604 B NetOurRootPath
bc015644 B NetOurHostName
bc015664 B NetOurNISDomain
bc015684 B NetOurDNSIP
bc015688 B NetOurGatewayIP
bc01568c B NetOurSubnetMask
bc015690 b packetHandler
bc015694 b timeHandler
bc015698 b timeStart
bc01569c b timeDelta
bc0156a0 b TftpServerPort
bc0156a4 b TftpOurPort
bc0156a8 b TftpTimeoutCount
bc0156ac b TftpBlock
bc0156b0 b TftpLastBlock
bc0156b4 b TftpBlockWrap
bc0156b8 b TftpBlockWrapOffset
bc0156bc b TftpState
bc0156c0 b default_filename
bc0156d0 b tftp_filename
bc0156e0 b first_failed.0
bc0156e4 b eth_devices
bc0156e8 b eth_current
bc015700 b rt2880_free_buf
bc0159e0 b tx_ring0_cache
bc015b60 b rx_ring_cache
bc015ce0 b rx_dma_owner_idx0
bc015ce4 b rx_wants_alloc_idx0
bc015ce8 b tx_cpu_owner_idx0
bc015cec b rx_ring
bc015cf0 b tx_ring0
bc015cf4 b rxRingSize
bc015cf5 b txRingSize
bc015cf8 b rt2880_eth_initd
bc015cfc b PKT_HEADER_Buf_Pool
bc02c540 B spi_chip_info
bc02c544 b spi_wait_nsec
bc02c550 b lastcommand.0
bc02c650 b a_b
bc02c668 b os_data_state
bc02c66c b os_data_state_saved
bc02c670 b os_data_count_saved
bc02c674 b os_data_addr
bc02c678 b os_data_addr_saved
bc02c67c b bin_start_address
bc02c680 b k_data_escape
bc02c684 b k_data_escape_saved
bc02c690 b base_address
bc02c6a0 b ctrlc_was_pressed
bc02c6a4 b ctrlc_disabled
bc02c6b0 B stdio_devices
bc02c6bc B devlist
bc02c6c0 b n_mmaps_max
bc02c6c4 b top_pad
bc02c6c8 b current_mallinfo
bc02c6f0 b max_total_mem
bc02c6f4 b mmapped_mem
bc02c6f8 b max_sbrked_mem
bc02c700 b crc_table
bc02cb00 b linux_argc
bc02cb04 b linux_argv
bc02cb08 b linux_env
bc02cb0c b linux_env_p
bc02cb10 b linux_env_idx
bc02cb20 B gd_data
bc02cb44 B Pkt_Buf_Pool
bc043f84 B NetRxPackets
bc044074 B BootFile
bc0440f4 B NetArpWaitPacketBuf
bc044734 B console_buffer
bc044834 B console_history
bc045234 B header
bc045274 B os_data_header
bc045294 B send_parms
bc0452a8 A uboot_end
bc0452a8 C monitor_flash_len
bc0452ac C mips_bus_feq
bc0452b0 C mips_cpu_feq
bc0452b4 C NetArpWaitTry
bc0452b8 C NetArpWaitPacketMAC
bc0452bc C NetOurEther
bc0452c4 C NetOurIP
bc0452c8 C NetServerIP
bc0452cc C NetArpWaitTxPacketSize
bc0452d0 C NetArpWaitReplyIP
bc0452d4 C NetArpWaitTxPacket
bc0452d8 C NetArpWaitPacketIP
bc0452dc C NetState
bc0452e0 C NetIPID
bc0452e4 C NetRxPkt
bc0452e8 C NetRxPktLen
bc0452ec C NetBootFileXferSize
bc0452f0 C PktBuf
bc0452f4 C NetArpWaitTimerStart
bc0452f8 C TftpStarted
bc0452fc C rt2880_free_buf_list
bc045304 C PKT_HEADER_Buf
bc045308 C rt2880_pdev
bc04530c C rt2880_busing_buf_list
bc045314 C his_pad_char
bc045318 C os_data_count
bc04531c C os_data_init
bc045320 C send_ptr
bc045324 C os_data_char
bc045328 C his_eol
bc045329 C his_quote
bc04532c C his_pad_count
bc045330 C dp_last_size
bc045334 C dp_last_addr
bc045338 C mm_last_size
bc04533c C mm_last_addr
bc045340 C env_ptr
bc045344 C ___strtok
