Archive member included because of file (symbol)

lib_mips/libmips.a(board.o)   (__u_boot_cmd_rf)
lib_mips/libmips.a(time.o)    lib_mips/libmips.a(board.o) (timer_init)
net/libnet.a(net.o)           lib_mips/libmips.a(board.o) (copy_filename)
net/libnet.a(tftp.o)          net/libnet.a(net.o) (TftpSend)
net/libnet.a(eth.o)           lib_mips/libmips.a(board.o) (eth_initialize)
drivers/libdrivers.a(rt2880_eth.o)
                              net/libnet.a(net.o) (rt2880_free_buf_entry_dequeue)
drivers/libdrivers.a(mii_mgr.o)
                              (__u_boot_cmd_mdio)
drivers/libdrivers.a(spi_flash.o)
                              (__u_boot_cmd_erase)
common/libcommon.a(main.o)    lib_mips/libmips.a(board.o) (main_loop)
common/libcommon.a(cmd_boot.o)
                              (__u_boot_cmd_reset)
common/libcommon.a(cmd_bootm.o)
                              (__u_boot_cmd_bootm)
common/libcommon.a(cmd_load.o)
                              (__u_boot_cmd_loadb)
common/libcommon.a(cmd_net.o)
                              (__u_boot_cmd_tftpboot)
common/libcommon.a(cmd_mem.o)
                              (__u_boot_cmd_nm)
common/libcommon.a(cmd_nvedit.o)
                              (__u_boot_cmd_saveenv)
common/libcommon.a(command.o)
                              (__u_boot_cmd_question_mark)
common/libcommon.a(console.o)
                              lib_mips/libmips.a(board.o) (printf)
common/libcommon.a(devices.o)
                              common/libcommon.a(console.o) (stdio_names)
common/libcommon.a(dlmalloc.o)
                              lib_mips/libmips.a(board.o) (malloc_bin_reloc)
common/libcommon.a(env_common.o)
                              common/libcommon.a(cmd_nvedit.o) (env_get_char)
common/libcommon.a(exports.o)
                              lib_mips/libmips.a(board.o) (jumptable_init)
common/libcommon.a(lists.o)   common/libcommon.a(devices.o) (ListCreate)
common/libcommon.a(env_spi.o)
                              lib_mips/libmips.a(board.o) (env_name_spec)
lib_generic/libgeneric.a(crc32.o)
                              common/libcommon.a(cmd_bootm.o) (crc32)
lib_generic/libgeneric.a(display_options.o)
                              lib_mips/libmips.a(board.o) (print_size)
lib_generic/libgeneric.a(string.o)
                              common/libcommon.a(command.o) (strchr)
lib_generic/libgeneric.a(vsprintf.o)
                              lib_mips/libmips.a(board.o) (simple_strtoul)
lib_generic/libgeneric.a(LzmaDecode.o)
                              common/libcommon.a(cmd_bootm.o) (lzmaBuffToBuffDecompress)
lib_generic/libgeneric.a(ctype.o)
                              lib_generic/libgeneric.a(vsprintf.o) (_ctype)
board/rt2880/librt2880.a(rt2880.o)
                              lib_mips/libmips.a(board.o) (initdram)
board/rt2880/librt2880.a(serial.o)
                              common/libcommon.a(cmd_load.o) (serial_setbrg)
cpu/ralink_soc/libralink_soc.a(cpu.o)
                              lib_mips/libmips.a(board.o) (do_reset)
lib_mips/libmips.a(mips_linux.o)
                              common/libcommon.a(cmd_bootm.o) (do_bootm_linux)

Allocating common symbols
Common symbol       size              file

dp_last_size        0x4               common/libcommon.a(cmd_mem.o)
console_buffer      0x100             drivers/libdrivers.a(rt2880_eth.o)
NetArpWaitTry       0x4               net/libnet.a(net.o)
NetArpWaitPacketMAC
                    0x4               net/libnet.a(net.o)
NetOurEther         0x6               net/libnet.a(net.o)
NetOurIP            0x4               net/libnet.a(net.o)
NetServerIP         0x4               net/libnet.a(net.o)
monitor_flash_len   0x4               lib_mips/libmips.a(board.o)
Pkt_Buf_Pool        0x17440           net/libnet.a(net.o)
___strtok           0x4               lib_generic/libgeneric.a(string.o)
NetArpWaitTxPacketSize
                    0x4               net/libnet.a(net.o)
NetArpWaitReplyIP   0x4               net/libnet.a(net.o)
NetRxPackets        0xf0              net/libnet.a(net.o)
NetArpWaitTxPacket  0x4               net/libnet.a(net.o)
rt2880_free_buf_list
                    0x8               drivers/libdrivers.a(rt2880_eth.o)
PKT_HEADER_Buf      0x4               drivers/libdrivers.a(rt2880_eth.o)
NetArpWaitPacketIP  0x4               net/libnet.a(net.o)
NetState            0x4               net/libnet.a(net.o)
BootFile            0x80              net/libnet.a(net.o)
rt2880_pdev         0x4               drivers/libdrivers.a(rt2880_eth.o)
dp_last_addr        0x4               common/libcommon.a(cmd_mem.o)
his_pad_char        0x1               common/libcommon.a(cmd_load.o)
env_ptr             0x4               common/libcommon.a(env_spi.o)
os_data_count       0x4               common/libcommon.a(cmd_load.o)
mm_last_size        0x4               common/libcommon.a(cmd_mem.o)
os_data_init        0x4               common/libcommon.a(cmd_load.o)
mips_bus_feq        0x4               lib_mips/libmips.a(board.o)
mm_last_addr        0x4               common/libcommon.a(cmd_mem.o)
rt2880_busing_buf_list
                    0x8               drivers/libdrivers.a(rt2880_eth.o)
NetIPID             0x4               net/libnet.a(net.o)
send_ptr            0x4               common/libcommon.a(cmd_load.o)
mips_cpu_feq        0x4               lib_mips/libmips.a(board.o)
NetRxPkt            0x4               net/libnet.a(net.o)
os_data_header      0x20              common/libcommon.a(cmd_load.o)
os_data_char        0x4               common/libcommon.a(cmd_load.o)
gd_data             0x24              lib_mips/libmips.a(board.o)
NetArpWaitPacketBuf
                    0x640             net/libnet.a(net.o)
TftpStarted         0x4               net/libnet.a(tftp.o)
his_eol             0x1               common/libcommon.a(cmd_load.o)
header              0x40              common/libcommon.a(cmd_bootm.o)
NetRxPktLen         0x4               net/libnet.a(net.o)
his_quote           0x1               common/libcommon.a(cmd_load.o)
NetBootFileXferSize
                    0x4               net/libnet.a(net.o)
console_history     0xa00             common/libcommon.a(main.o)
PktBuf              0x4               net/libnet.a(net.o)
send_parms          0x14              common/libcommon.a(cmd_load.o)
his_pad_count       0x4               common/libcommon.a(cmd_load.o)
NetArpWaitTimerStart
                    0x4               net/libnet.a(net.o)

Memory Configuration

Name             Origin             Length             Attributes
*default*        0x0000000000000000 0xffffffffffffffff

Linker script and memory map

                0x0000000000000000                . = 0x0
                0x0000000000000000                . = ALIGN (0x4)

.text           0x00000000bc000000    0x116a0
 *(.text)
 .text          0x00000000bc000000      0xd30 cpu/ralink_soc/start.o
                0x00000000bc000c88                DDR2_CFG0_TBL
                0x00000000bc000960                relocate_code
                0x00000000bc000b80                SDR_CFG0_TBL
                0x00000000bc000be8                DDR1_CFG1_TBL
                0x00000000bc000000                _start
                0x00000000bc000bc0                DDR1_CFG0_TBL
                0x00000000bc000ca8                DDR2_CFG1_TBL
                0x00000000bc000a24                init_cpu_pll
                0x00000000bc000ba0                SDR_CFG1_TBL
 .text          0x00000000bc000d30     0x1ab0 lib_mips/libmips.a(board.o)
                0x00000000bc002698                do_rw_rf
                0x00000000bc002668                hang
                0x00000000bc0015cc                rw_rf_reg
                0x00000000bc001714                board_init_r
                0x00000000bc001030                OperationSelect
                0x00000000bc000d30                sbrk
                0x00000000bc0016f4                disable_pcie
                0x00000000bc000d80                board_init_f
                0x00000000bc0010f0                tftp_config
                0x00000000bc0016bc                config_usb_ehciohci
                0x00000000bc0015c4                trigger_hw_reset
 .text          0x00000000bc0027e0      0x140 lib_mips/libmips.a(time.o)
                0x00000000bc0028d0                mdelay
                0x00000000bc0027fc                get_timer
                0x00000000bc0027e8                timer_init
                0x00000000bc002840                udelay
 .text          0x00000000bc002920     0x1520 net/libnet.a(net.o)
                0x00000000bc00390c                getenv_IPaddr
                0x00000000bc003110                NetCksumOk
                0x00000000bc002b30                NetSetTimeout
                0x00000000bc003754                copy_filename
                0x00000000bc00374c                NetEthHdrSize
                0x00000000bc0037c8                ip_to_string
                0x00000000bc002ca0                ArpTimeoutCheck
                0x00000000bc003150                NetReceive
                0x00000000bc003848                string_to_ip
                0x00000000bc002f44                NetSendUDPPacket
                0x00000000bc003df4                print_IPaddr
                0x00000000bc002920                NetSetEther
                0x00000000bc003948                NetLoop
                0x00000000bc0029a0                ArpRequest
                0x00000000bc002d88                NetCksum
                0x00000000bc002dd0                NetSetIP
                0x00000000bc002bac                NetStartAgain
                0x00000000bc002b94                NetSetHandler
                0x00000000bc002d70                NetSendPacket
 .text          0x00000000bc003e40      0x910 net/libnet.a(tftp.o)
                0x00000000bc003e40                TftpSend
                0x00000000bc0044a4                TftpStart
 .text          0x00000000bc004750      0x500 net/libnet.a(eth.o)
                0x00000000bc004b84                eth_halt
                0x00000000bc0047f0                eth_register
                0x00000000bc004750                eth_parse_enetaddr
                0x00000000bc004a9c                eth_try_another
                0x00000000bc00485c                eth_initialize
                0x00000000bc004c14                eth_rx
                0x00000000bc004ad4                eth_init
                0x00000000bc004bdc                eth_send
 .text          0x00000000bc004c50     0x1840 drivers/libdrivers.a(rt2880_eth.o)
                0x00000000bc005478                rt_gsw_init
                0x00000000bc00501c                IsSwitchVlanTableBusy
                0x00000000bc004dcc                rt2880_eth_initialize
                0x00000000bc004d18                rt2880_free_buf_entry_dequeue
                0x00000000bc006114                readline
                0x00000000bc0063f8                input_value
                0x00000000bc004cb0                STOP_ETH
                0x00000000bc005098                LANWANPartition
                0x00000000bc0050a0                isDMABusy
                0x00000000bc004c50                START_ETH
                0x00000000bc005fa4                rt2880_eth_halt
 .text          0x00000000bc006490      0xcb0 drivers/libdrivers.a(mii_mgr.o)
                0x00000000bc006924                dump_phy_reg
                0x00000000bc006874                mii_mgr_write
                0x00000000bc00678c                mii_mgr_read
                0x00000000bc006490                enable_mdio
                0x00000000bc0064c4                __mii_mgr_read
                0x00000000bc006ae0                rt2880_mdio_access
                0x00000000bc006628                __mii_mgr_write
 .text          0x00000000bc007140     0x19b0 drivers/libdrivers.a(spi_flash.o)
                0x00000000bc007e04                raspi_read
                0x00000000bc007140                spic_init
                0x00000000bc0086d0                do_mem_cp
                0x00000000bc007b3c                raspi_init
                0x00000000bc0087fc                do_flerase
                0x00000000bc0079c8                chip_prob
                0x00000000bc007b94                raspi_erase
                0x00000000bc007f4c                raspi_write
                0x00000000bc0082b0                raspi_erase_write
 .text          0x00000000bc008af0      0x610 common/libcommon.a(main.o)
                0x00000000bc008af0                run_command
                0x00000000bc008ff4                main_loop
 .text          0x00000000bc009100       0xe0 common/libcommon.a(cmd_boot.o)
                0x00000000bc009100                do_go
 .text          0x00000000bc0091e0      0x9c0 common/libcommon.a(cmd_bootm.o)
                0x00000000bc0091e0                print_image_hdr
                0x00000000bc009594                do_bootm
 .text          0x00000000bc009ba0      0xcd0 common/libcommon.a(cmd_load.o)
                0x00000000bc009e60                k_data_init
                0x00000000bc009c6c                s1_sendpacket
                0x00000000bc009fc4                handle_send_packet
                0x00000000bc009ed0                k_data_restore
                0x00000000bc009d58                send_nack
                0x00000000bc00a224                do_load_serial_bin
                0x00000000bc009f20                k_data_char
                0x00000000bc009c34                chk1
                0x00000000bc009e80                k_data_save
                0x00000000bc009bf8                ktrans
                0x00000000bc009ba0                send_pad
                0x00000000bc009ccc                send_ack
 .text          0x00000000bc00a870      0x430 common/libcommon.a(cmd_net.o)
                0x00000000bc00a870                do_tftpb
 .text          0x00000000bc00aca0      0x820 common/libcommon.a(cmd_mem.o)
                0x00000000bc00b028                do_mem_base
                0x00000000bc00b428                do_mem_nm
                0x00000000bc00b470                do_mem_mm
                0x00000000bc00aca0                cmd_get_data_size
                0x00000000bc00b094                do_mem_loop
                0x00000000bc00ad58                do_mem_md
 .text          0x00000000bc00b4c0      0xc00 common/libcommon.a(cmd_nvedit.o)
                0x00000000bc00bf8c                getenv
                0x00000000bc00b7d4                _do_setenv
                0x00000000bc00b564                do_printenv
                0x00000000bc00bec4                setenv
                0x00000000bc00c064                do_saveenv
                0x00000000bc00bf18                do_setenv
 .text          0x00000000bc00c0c0      0x3f0 common/libcommon.a(command.o)
                0x00000000bc00c100                find_cmd
                0x00000000bc00c220                do_help
                0x00000000bc00c0c0                do_version
 .text          0x00000000bc00c4b0      0x7c0 common/libcommon.a(console.o)
                0x00000000bc00cafc                console_init_r
                0x00000000bc00c84c                printf
                0x00000000bc00c9d0                console_assign
                0x00000000bc00c744                getc
                0x00000000bc00c80c                puts
                0x00000000bc00c9c0                dbg
                0x00000000bc00c598                serial_printf
                0x00000000bc00c628                ftstc
                0x00000000bc00c6e4                fprintf
                0x00000000bc00c784                tstc
                0x00000000bc00c8a4                vprintf
                0x00000000bc00c8f0                ctrlc
                0x00000000bc00c7c4                putc
                0x00000000bc00c974                disable_ctrlc
                0x00000000bc00c5f0                fgetc
                0x00000000bc00c990                had_ctrlc
                0x00000000bc00c660                fputc
                0x00000000bc00caec                console_init_f
                0x00000000bc00c9a8                clear_ctrlc
                0x00000000bc00c6a4                fputs
 .text          0x00000000bc00cc70      0x180 common/libcommon.a(devices.o)
                0x00000000bc00cc70                device_register
                0x00000000bc00cdb0                devices_done
                0x00000000bc00ccb4                devices_init
 .text          0x00000000bc00cdf0     0x14b0 common/libcommon.a(dlmalloc.o)
                0x00000000bc00d1ec                malloc
                0x00000000bc00e060                pvalloc
                0x00000000bc00e084                calloc
                0x00000000bc00e1b0                malloc_usable_size
                0x00000000bc00d938                realloc
                0x00000000bc00ce50                malloc_trim
                0x00000000bc00cdf0                malloc_bin_reloc
                0x00000000bc00e208                mallopt
                0x00000000bc00deac                memalign
                0x00000000bc00e198                cfree
                0x00000000bc00e044                valloc
                0x00000000bc00cf78                free
 .text          0x00000000bc00e2a0      0x1f0 common/libcommon.a(env_common.o)
                0x00000000bc00e370                env_get_addr
                0x00000000bc00e3a0                env_relocate
                0x00000000bc00e2a0                env_crc_update
                0x00000000bc00e33c                env_get_char_memory
 .text          0x00000000bc00e490       0xb0 common/libcommon.a(exports.o)
                0x00000000bc00e4a0                jumptable_init
                0x00000000bc00e498                get_version
 .text          0x00000000bc00e540      0x510 common/libcommon.a(lists.o)
                0x00000000bc00e5ec                DisposeHandle
                0x00000000bc00e788                ListDispose
                0x00000000bc00e7a0                ListInsertItems
                0x00000000bc00e540                NewHandle
                0x00000000bc00e650                SetHandleSize
                0x00000000bc00e9ec                ListInsertItem
                0x00000000bc00e648                GetHandleSize
                0x00000000bc00ea44                ListNumItems
                0x00000000bc00ea04                ListGetPtrToItem
                0x00000000bc00e718                ListCreate
 .text          0x00000000bc00ea50      0x290 common/libcommon.a(env_spi.o)
                0x00000000bc00ecac                env_relocate_spec
                0x00000000bc00eb50                saveenv
                0x00000000bc00ea50                env_get_char_spec
                0x00000000bc00ea84                spi_env_init
                0x00000000bc00ea60                env_init
 .text          0x00000000bc00ece0      0x220 lib_generic/libgeneric.a(crc32.o)
                0x00000000bc00ece0                crc32
 .text          0x00000000bc00ef00      0x150 lib_generic/libgeneric.a(display_options.o)
                0x00000000bc00ef00                display_options
                0x00000000bc00ef40                print_size
 .text          0x00000000bc00f050      0x220 lib_generic/libgeneric.a(string.o)
                0x00000000bc00f1c0                memmove
                0x00000000bc00f190                memcpy
                0x00000000bc00f128                strnlen
                0x00000000bc00f0b0                strrchr
                0x00000000bc00f23c                memcmp
                0x00000000bc00f164                memset
                0x00000000bc00f08c                strlen
                0x00000000bc00f050                strchr
 .text          0x00000000bc00f270      0xa30 lib_generic/libgeneric.a(vsprintf.o)
                0x00000000bc00f688                vsprintf
                0x00000000bc00f364                simple_strtol
                0x00000000bc00fc20                panic
                0x00000000bc00fbe4                sprintf
                0x00000000bc00f270                simple_strtoul
 .text          0x00000000bc00fca0      0xc80 lib_generic/libgeneric.a(LzmaDecode.o)
                0x00000000bc00fcd4                RangeDecoderInit
                0x00000000bc01070c                lzmaBuffToBuffDecompress
                0x00000000bc00fd5c                RangeDecoderDecodeDirectBits
                0x00000000bc00ff2c                RangeDecoderBitTreeDecode
                0x00000000bc010064                LzmaLiteralDecode
                0x00000000bc00fe18                RangeDecoderBitDecode
                0x00000000bc00ffc0                RangeDecoderReverseBitTreeDecode
                0x00000000bc0101ac                LzmaLenDecode
                0x00000000bc010298                LzmaDecode
                0x00000000bc00fca0                RangeDecoderReadByte
                0x00000000bc0100d4                LzmaLiteralDecodeMatch
 .text          0x00000000bc010920      0x1b0 board/rt2880/librt2880.a(rt2880.o)
                0x00000000bc010920                get_ram_size
                0x00000000bc010a90                checkboard
                0x00000000bc010a54                initdram
 .text          0x00000000bc010ad0      0x180 board/rt2880/librt2880.a(serial.o)
                0x00000000bc010ad0                serial_setbrg
                0x00000000bc010bc4                serial_tstc
                0x00000000bc010b70                serial_putc
                0x00000000bc010b38                serial_init
                0x00000000bc010bfc                serial_puts
                0x00000000bc010bd8                serial_getc
 .text          0x00000000bc010c50      0x140 cpu/ralink_soc/libralink_soc.a(cpu.o)
                0x00000000bc010d44                invalidate_dcache_range
                0x00000000bc010c68                flush_cache
                0x00000000bc010d04                flush_dcache_range
                0x00000000bc010c50                do_reset
 .text          0x00000000bc010d90      0x910 lib_mips/libmips.a(mips_linux.o)
                0x00000000bc010eb8                do_bootm_linux
                0x00000000bc0116a0                . = ALIGN (0x4)

.rodata         0x00000000bc0116a0      0x250
 *(.rodata)
 .rodata        0x00000000bc0116a0       0x50 lib_mips/libmips.a(board.o)
                0x00000000bc0116a0                version_string
 .rodata        0x00000000bc0116f0       0x10 net/libnet.a(net.o)
 .rodata        0x00000000bc011700       0x30 net/libnet.a(tftp.o)
 .rodata        0x00000000bc011730       0x10 net/libnet.a(eth.o)
 .rodata        0x00000000bc011740       0xc0 drivers/libdrivers.a(spi_flash.o)
 .rodata        0x00000000bc011800       0xc0 common/libcommon.a(cmd_bootm.o)
 .rodata        0x00000000bc0118c0       0x20 common/libcommon.a(cmd_nvedit.o)
 .rodata        0x00000000bc0118e0       0x10 lib_generic/libgeneric.a(crc32.o)

.reginfo        0x00000000bc0118f0       0x18
 .reginfo       0x00000000bc0118f0       0x18 cpu/ralink_soc/start.o

.rodata.str1.4  0x00000000bc011908     0x2d2c
 .rodata.str1.4
                0x00000000bc011908      0xa4c lib_mips/libmips.a(board.o)
                                        0xa70 (size before relaxing)
 .rodata.str1.4
                0x00000000bc012354      0x355 net/libnet.a(net.o)
                                        0x374 (size before relaxing)
 *fill*         0x00000000bc0126a9        0x3 00
 .rodata.str1.4
                0x00000000bc0126ac      0x1f3 net/libnet.a(tftp.o)
                                        0x1fc (size before relaxing)
 *fill*         0x00000000bc01289f        0x1 00
 .rodata.str1.4
                0x00000000bc0128a0       0x6e net/libnet.a(eth.o)
                                         0x74 (size before relaxing)
 *fill*         0x00000000bc01290e        0x2 00
 .rodata.str1.4
                0x00000000bc012910      0x194 drivers/libdrivers.a(rt2880_eth.o)
 .rodata.str1.4
                0x00000000bc012aa4      0x43f drivers/libdrivers.a(mii_mgr.o)
                                        0x450 (size before relaxing)
 *fill*         0x00000000bc012ee3        0x1 00
 .rodata.str1.4
                0x00000000bc012ee4      0x571 drivers/libdrivers.a(spi_flash.o)
                                        0x584 (size before relaxing)
 *fill*         0x00000000bc013455        0x3 00
 .rodata.str1.4
                0x00000000bc013458       0x7d common/libcommon.a(main.o)
                                         0x98 (size before relaxing)
 *fill*         0x00000000bc0134d5        0x3 00
 .rodata.str1.4
                0x00000000bc0134d8      0x10b common/libcommon.a(cmd_boot.o)
                                        0x118 (size before relaxing)
 *fill*         0x00000000bc0135e3        0x1 00
 .rodata.str1.4
                0x00000000bc0135e4      0x4d0 common/libcommon.a(cmd_bootm.o)
                                        0x4d4 (size before relaxing)
 .rodata.str1.4
                0x00000000bc013ab4      0x1bc common/libcommon.a(cmd_load.o)
                                        0x1d4 (size before relaxing)
 .rodata.str1.4
                0x00000000bc013c70       0xf5 common/libcommon.a(cmd_net.o)
                                        0x158 (size before relaxing)
 *fill*         0x00000000bc013d65        0x3 00
 .rodata.str1.4
                0x00000000bc013d68      0x190 common/libcommon.a(cmd_mem.o)
                                        0x19c (size before relaxing)
 .rodata.str1.4
                0x00000000bc013ef8      0x2ad common/libcommon.a(cmd_nvedit.o)
                                        0x318 (size before relaxing)
 *fill*         0x00000000bc0141a5        0x3 00
 .rodata.str1.4
                0x00000000bc0141a8      0x211 common/libcommon.a(command.o)
                                        0x21c (size before relaxing)
 *fill*         0x00000000bc0143b9        0x3 00
 .rodata.str1.4
                0x00000000bc0143bc       0x2f common/libcommon.a(devices.o)
                                         0x48 (size before relaxing)
 *fill*         0x00000000bc0143eb        0x1 00
 .rodata.str1.4
                0x00000000bc0143ec       0x33 common/libcommon.a(env_common.o)
                                         0x34 (size before relaxing)
 *fill*         0x00000000bc01441f        0x1 00
 .rodata.str1.4
                0x00000000bc014420       0x52 common/libcommon.a(env_spi.o)
                                         0x54 (size before relaxing)
 *fill*         0x00000000bc014472        0x2 00
 .rodata.str1.4
                0x00000000bc014474       0x17 lib_generic/libgeneric.a(display_options.o)
                                         0x20 (size before relaxing)
 *fill*         0x00000000bc01448b        0x1 00
 .rodata.str1.4
                0x00000000bc01448c       0x57 lib_generic/libgeneric.a(vsprintf.o)
                                         0x58 (size before relaxing)
 *fill*         0x00000000bc0144e3        0x1 00
 .rodata.str1.4
                0x00000000bc0144e4       0x15 board/rt2880/librt2880.a(rt2880.o)
                                         0x18 (size before relaxing)
 *fill*         0x00000000bc0144f9        0x3 00
 .rodata.str1.4
                0x00000000bc0144fc      0x138 lib_mips/libmips.a(mips_linux.o)
                                        0x188 (size before relaxing)
                0x00000000bc014634                . = ALIGN (0x4)

.data           0x00000000bc014640      0x1e0
 *(.data)
 .data          0x00000000bc014640       0x10 net/libnet.a(net.o)
                0x00000000bc014640                NetBcastAddr
 .data          0x00000000bc014650       0x10 drivers/libdrivers.a(rt2880_eth.o)
 .data          0x00000000bc014660       0x10 common/libcommon.a(cmd_bootm.o)
                0x00000000bc014660                load_addr
 .data          0x00000000bc014670       0x10 common/libcommon.a(cmd_mem.o)
                0x00000000bc014670                dp_last_length
 .data          0x00000000bc014680       0x10 common/libcommon.a(dlmalloc.o)
 .data          0x00000000bc014690       0x70 common/libcommon.a(env_common.o)
                0x00000000bc014690                default_environment
 .data          0x00000000bc014700       0x10 common/libcommon.a(env_spi.o)
 .data          0x00000000bc014710       0x10 lib_generic/libgeneric.a(crc32.o)
 .data          0x00000000bc014720      0x100 lib_generic/libgeneric.a(ctype.o)
                0x00000000bc014720                _ctype

.data.rel.local
                0x00000000bc014820      0x77c
 .data.rel.local
                0x00000000bc014820      0x360 drivers/libdrivers.a(spi_flash.o)
 .data.rel.local
                0x00000000bc014b80        0xc common/libcommon.a(devices.o)
                0x00000000bc014b80                stdio_names
 .data.rel.local
                0x00000000bc014b8c      0x408 common/libcommon.a(dlmalloc.o)
 .data.rel.local
                0x00000000bc014f94        0x4 common/libcommon.a(env_common.o)
                0x00000000bc014f94                env_get_char
 .data.rel.local
                0x00000000bc014f98        0x4 common/libcommon.a(env_spi.o)
                0x00000000bc014f98                env_name_spec
                0x00000000bc014f9c                . = ALIGN (0x4)

.sdata
 *(.sdata)
 *(.sdata)
                0x00000000bc014fa0                _gp = ALIGN (0x10)

.got            0x00000000bc014fa0      0x410
                0x00000000bc014fa0                __got_start = .
 *(.got)
 .got           0x00000000bc014fa0      0x410 cpu/ralink_soc/start.o
                0x00000000bc014fa0                _GLOBAL_OFFSET_TABLE_
                0x00000000bc0153b0                __got_end = .
                0x00000000bc0153b0                __u_boot_cmd_start = .

.u_boot_cmd     0x00000000bc0153b0      0x1b0
 *(.u_boot_cmd)
 .u_boot_cmd    0x00000000bc0153b0       0x18 lib_mips/libmips.a(board.o)
                0x00000000bc0153b0                __u_boot_cmd_rf
 .u_boot_cmd    0x00000000bc0153c8       0x18 drivers/libdrivers.a(mii_mgr.o)
                0x00000000bc0153c8                __u_boot_cmd_mdio
 .u_boot_cmd    0x00000000bc0153e0       0x30 drivers/libdrivers.a(spi_flash.o)
                0x00000000bc0153e0                __u_boot_cmd_erase
                0x00000000bc0153f8                __u_boot_cmd_cp
 .u_boot_cmd    0x00000000bc015410       0x30 common/libcommon.a(cmd_boot.o)
                0x00000000bc015410                __u_boot_cmd_reset
                0x00000000bc015428                __u_boot_cmd_go
 .u_boot_cmd    0x00000000bc015440       0x18 common/libcommon.a(cmd_bootm.o)
                0x00000000bc015440                __u_boot_cmd_bootm
 .u_boot_cmd    0x00000000bc015458       0x18 common/libcommon.a(cmd_load.o)
                0x00000000bc015458                __u_boot_cmd_loadb
 .u_boot_cmd    0x00000000bc015470       0x18 common/libcommon.a(cmd_net.o)
                0x00000000bc015470                __u_boot_cmd_tftpboot
 .u_boot_cmd    0x00000000bc015488       0x48 common/libcommon.a(cmd_mem.o)
                0x00000000bc0154b8                __u_boot_cmd_md
                0x00000000bc0154a0                __u_boot_cmd_mm
                0x00000000bc015488                __u_boot_cmd_nm
 .u_boot_cmd    0x00000000bc0154d0       0x48 common/libcommon.a(cmd_nvedit.o)
                0x00000000bc0154d0                __u_boot_cmd_saveenv
                0x00000000bc015500                __u_boot_cmd_printenv
                0x00000000bc0154e8                __u_boot_cmd_setenv
 .u_boot_cmd    0x00000000bc015518       0x48 common/libcommon.a(command.o)
                0x00000000bc015518                __u_boot_cmd_question_mark
                0x00000000bc015548                __u_boot_cmd_version
                0x00000000bc015530                __u_boot_cmd_help
                0x00000000bc015560                __u_boot_cmd_end = .
                0x00000000bc015560                uboot_end_data = .
                0x0000000000000104                num_got_entries = ((__got_end - __got_start) >> 0x2)
                0x00000000bc015560                . = ALIGN (0x4)

.sbss
 *(.sbss)

.bss            0x00000000bc015560    0x2fd48
 *(.bss)
 .bss           0x00000000bc015560       0x90 lib_mips/libmips.a(board.o)
                0x00000000bc015560                modifies
 .bss           0x00000000bc0155f0       0xb0 net/libnet.a(net.o)
                0x00000000bc015664                NetOurNISDomain
                0x00000000bc0155fc                NetServerEther
                0x00000000bc01568c                NetOurSubnetMask
                0x00000000bc015602                NetBootFileSize
                0x00000000bc015644                NetOurHostName
                0x00000000bc015688                NetOurGatewayIP
                0x00000000bc0155f4                NetEtherNullAddr
                0x00000000bc0155f0                NetTxPacket
                0x00000000bc015684                NetOurDNSIP
                0x00000000bc015604                NetOurRootPath
 .bss           0x00000000bc0156a0       0x40 net/libnet.a(tftp.o)
 .bss           0x00000000bc0156e0       0x10 net/libnet.a(eth.o)
 *fill*         0x00000000bc0156f0       0x10 00
 .bss           0x00000000bc015700    0x16e40 drivers/libdrivers.a(rt2880_eth.o)
 .bss           0x00000000bc02c540       0x10 drivers/libdrivers.a(spi_flash.o)
                0x00000000bc02c540                spi_chip_info
 .bss           0x00000000bc02c550      0x100 common/libcommon.a(main.o)
 .bss           0x00000000bc02c650       0x40 common/libcommon.a(cmd_load.o)
 .bss           0x00000000bc02c690       0x10 common/libcommon.a(cmd_mem.o)
 .bss           0x00000000bc02c6a0       0x10 common/libcommon.a(console.o)
 .bss           0x00000000bc02c6b0       0x10 common/libcommon.a(devices.o)
                0x00000000bc02c6bc                devlist
                0x00000000bc02c6b0                stdio_devices
 .bss           0x00000000bc02c6c0       0x40 common/libcommon.a(dlmalloc.o)
 .bss           0x00000000bc02c700      0x400 lib_generic/libgeneric.a(crc32.o)
 .bss           0x00000000bc02cb00       0x20 lib_mips/libmips.a(mips_linux.o)
 COMMON         0x00000000bc02cb20       0x24 lib_mips/libmips.a(board.o)
                0x00000000bc02cb20                gd_data
 COMMON         0x00000000bc02cb44    0x17bf0 net/libnet.a(net.o)
                0x00000000bc02cb44                Pkt_Buf_Pool
                0x00000000bc043f84                NetRxPackets
                0x00000000bc044074                BootFile
                0x00000000bc0440f4                NetArpWaitPacketBuf
 COMMON         0x00000000bc044734      0x100 drivers/libdrivers.a(rt2880_eth.o)
                0x00000000bc044734                console_buffer
 COMMON         0x00000000bc044834      0xa00 common/libcommon.a(main.o)
                0x00000000bc044834                console_history
 COMMON         0x00000000bc045234       0x40 common/libcommon.a(cmd_bootm.o)
                0x00000000bc045234                header
 COMMON         0x00000000bc045274       0x34 common/libcommon.a(cmd_load.o)
                0x00000000bc045274                os_data_header
                0x00000000bc045294                send_parms
                0x00000000bc0452a8                uboot_end = .

.scommon        0x00000000bc0452a8       0xa0
 .scommon       0x00000000bc0452a8        0xc lib_mips/libmips.a(board.o)
                0x00000000bc0452a8                monitor_flash_len
                0x00000000bc0452ac                mips_bus_feq
                0x00000000bc0452b0                mips_cpu_feq
 .scommon       0x00000000bc0452b4       0x44 net/libnet.a(net.o)
                0x00000000bc0452b4                NetArpWaitTry
                0x00000000bc0452b8                NetArpWaitPacketMAC
                0x00000000bc0452bc                NetOurEther
                0x00000000bc0452c4                NetOurIP
                0x00000000bc0452c8                NetServerIP
                0x00000000bc0452cc                NetArpWaitTxPacketSize
                0x00000000bc0452d0                NetArpWaitReplyIP
                0x00000000bc0452d4                NetArpWaitTxPacket
                0x00000000bc0452d8                NetArpWaitPacketIP
                0x00000000bc0452dc                NetState
                0x00000000bc0452e0                NetIPID
                0x00000000bc0452e4                NetRxPkt
                0x00000000bc0452e8                NetRxPktLen
                0x00000000bc0452ec                NetBootFileXferSize
                0x00000000bc0452f0                PktBuf
                0x00000000bc0452f4                NetArpWaitTimerStart
 .scommon       0x00000000bc0452f8        0x4 net/libnet.a(tftp.o)
                0x00000000bc0452f8                TftpStarted
 .scommon       0x00000000bc0452fc       0x18 drivers/libdrivers.a(rt2880_eth.o)
                0x00000000bc0452fc                rt2880_free_buf_list
                0x00000000bc045304                PKT_HEADER_Buf
                0x00000000bc045308                rt2880_pdev
                0x00000000bc04530c                rt2880_busing_buf_list
 .scommon       0x00000000bc045314       0x1c common/libcommon.a(cmd_load.o)
                0x00000000bc045314                his_pad_char
                0x00000000bc045318                os_data_count
                0x00000000bc04531c                os_data_init
                0x00000000bc045320                send_ptr
                0x00000000bc045324                os_data_char
                0x00000000bc045328                his_eol
                0x00000000bc045329                his_quote
                0x00000000bc04532c                his_pad_count
 .scommon       0x00000000bc045330       0x10 common/libcommon.a(cmd_mem.o)
                0x00000000bc045330                dp_last_size
                0x00000000bc045334                dp_last_addr
                0x00000000bc045338                mm_last_size
                0x00000000bc04533c                mm_last_addr
 .scommon       0x00000000bc045340        0x4 common/libcommon.a(env_spi.o)
                0x00000000bc045340                env_ptr
 .scommon       0x00000000bc045344        0x4 lib_generic/libgeneric.a(string.o)
                0x00000000bc045344                ___strtok

.rel.dyn        0x00000000bc045348        0x0
Address of section .text set to 0xbc000000
LOAD cpu/ralink_soc/start.o
START GROUP
LOAD lib_generic/libgeneric.a
LOAD board/rt2880/librt2880.a
LOAD cpu/ralink_soc/libralink_soc.a
LOAD lib_mips/libmips.a
LOAD net/libnet.a
LOAD drivers/libdrivers.a
LOAD common/libcommon.a
END GROUP
OUTPUT(u-boot elf32-tradlittlemips)

.pdr            0x0000000000000000     0x1d20
 .pdr           0x0000000000000000       0x40 cpu/ralink_soc/start.o
 .pdr           0x0000000000000040      0x160 lib_mips/libmips.a(board.o)
 .pdr           0x00000000000001a0       0xa0 lib_mips/libmips.a(time.o)
 .pdr           0x0000000000000240      0x2a0 net/libnet.a(net.o)
 .pdr           0x00000000000004e0       0x80 net/libnet.a(tftp.o)
 .pdr           0x0000000000000560      0x100 net/libnet.a(eth.o)
 .pdr           0x0000000000000660      0x200 drivers/libdrivers.a(rt2880_eth.o)
 .pdr           0x0000000000000860       0xe0 drivers/libdrivers.a(mii_mgr.o)
 .pdr           0x0000000000000940      0x1e0 drivers/libdrivers.a(spi_flash.o)
 .pdr           0x0000000000000b20       0x40 common/libcommon.a(main.o)
 .pdr           0x0000000000000b60       0x20 common/libcommon.a(cmd_boot.o)
 .pdr           0x0000000000000b80       0x40 common/libcommon.a(cmd_bootm.o)
 .pdr           0x0000000000000bc0      0x1c0 common/libcommon.a(cmd_load.o)
 .pdr           0x0000000000000d80       0x20 common/libcommon.a(cmd_net.o)
 .pdr           0x0000000000000da0       0xe0 common/libcommon.a(cmd_mem.o)
 .pdr           0x0000000000000e80       0xe0 common/libcommon.a(cmd_nvedit.o)
 .pdr           0x0000000000000f60       0x60 common/libcommon.a(command.o)
 .pdr           0x0000000000000fc0      0x2a0 common/libcommon.a(console.o)
 .pdr           0x0000000000001260       0x60 common/libcommon.a(devices.o)
 .pdr           0x00000000000012c0      0x200 common/libcommon.a(dlmalloc.o)
 .pdr           0x00000000000014c0       0xa0 common/libcommon.a(env_common.o)
 .pdr           0x0000000000001560       0x60 common/libcommon.a(exports.o)
 .pdr           0x00000000000015c0      0x140 common/libcommon.a(lists.o)
 .pdr           0x0000000000001700       0xa0 common/libcommon.a(env_spi.o)
 .pdr           0x00000000000017a0       0x20 lib_generic/libgeneric.a(crc32.o)
 .pdr           0x00000000000017c0       0x40 lib_generic/libgeneric.a(display_options.o)
 .pdr           0x0000000000001800      0x100 lib_generic/libgeneric.a(string.o)
 .pdr           0x0000000000001900       0xe0 lib_generic/libgeneric.a(vsprintf.o)
 .pdr           0x00000000000019e0      0x160 lib_generic/libgeneric.a(LzmaDecode.o)
 .pdr           0x0000000000001b40       0x60 board/rt2880/librt2880.a(rt2880.o)
 .pdr           0x0000000000001ba0       0xc0 board/rt2880/librt2880.a(serial.o)
 .pdr           0x0000000000001c60       0x80 cpu/ralink_soc/libralink_soc.a(cpu.o)
 .pdr           0x0000000000001ce0       0x40 lib_mips/libmips.a(mips_linux.o)

.stab           0x0000000000000000     0x19c8
 .stab          0x0000000000000000     0x19c8 cpu/ralink_soc/start.o

.stabstr        0x0000000000000000       0x7b
 .stabstr       0x0000000000000000       0x7b cpu/ralink_soc/start.o

.mdebug.abi32   0x0000000000000000        0x0

.debug_abbrev   0x0000000000000000      0x2eb
 .debug_abbrev  0x0000000000000000      0x2eb lib_mips/libmips.a(board.o)

.debug_info     0x0000000000000000      0xd0a
 .debug_info    0x0000000000000000      0xd0a lib_mips/libmips.a(board.o)

.debug_line     0x0000000000000000      0x4da
 .debug_line    0x0000000000000000      0x4da lib_mips/libmips.a(board.o)

.debug_frame    0x0000000000000000     0x1a90
 .debug_frame   0x0000000000000000      0x134 lib_mips/libmips.a(board.o)
 .debug_frame   0x0000000000000134       0x88 lib_mips/libmips.a(time.o)
 .debug_frame   0x00000000000001bc      0x23c net/libnet.a(net.o)
 .debug_frame   0x00000000000003f8       0x90 net/libnet.a(tftp.o)
 .debug_frame   0x0000000000000488       0xd8 net/libnet.a(eth.o)
 .debug_frame   0x0000000000000560      0x204 drivers/libdrivers.a(rt2880_eth.o)
 .debug_frame   0x0000000000000764       0xec drivers/libdrivers.a(mii_mgr.o)
 .debug_frame   0x0000000000000850      0x218 drivers/libdrivers.a(spi_flash.o)
 .debug_frame   0x0000000000000a68       0x60 common/libcommon.a(main.o)
 .debug_frame   0x0000000000000ac8       0x30 common/libcommon.a(cmd_boot.o)
 .debug_frame   0x0000000000000af8       0x64 common/libcommon.a(cmd_bootm.o)
 .debug_frame   0x0000000000000b5c      0x174 common/libcommon.a(cmd_load.o)
 .debug_frame   0x0000000000000cd0       0x38 common/libcommon.a(cmd_net.o)
 .debug_frame   0x0000000000000d08       0xf8 common/libcommon.a(cmd_mem.o)
 .debug_frame   0x0000000000000e00      0x104 common/libcommon.a(cmd_nvedit.o)
 .debug_frame   0x0000000000000f04       0x84 common/libcommon.a(command.o)
 .debug_frame   0x0000000000000f88      0x1cc common/libcommon.a(console.o)
 .debug_frame   0x0000000000001154       0x58 common/libcommon.a(devices.o)
 .debug_frame   0x00000000000011ac      0x194 common/libcommon.a(dlmalloc.o)
 .debug_frame   0x0000000000001340       0x80 common/libcommon.a(env_common.o)
 .debug_frame   0x00000000000013c0       0x48 common/libcommon.a(exports.o)
 .debug_frame   0x0000000000001408      0x104 common/libcommon.a(lists.o)
 .debug_frame   0x000000000000150c       0x88 common/libcommon.a(env_spi.o)
 .debug_frame   0x0000000000001594       0x20 lib_generic/libgeneric.a(crc32.o)
 .debug_frame   0x00000000000015b4       0x48 lib_generic/libgeneric.a(display_options.o)
 .debug_frame   0x00000000000015fc       0xa0 lib_generic/libgeneric.a(string.o)
 .debug_frame   0x000000000000169c       0xb8 lib_generic/libgeneric.a(vsprintf.o)
 .debug_frame   0x0000000000001754      0x1ac lib_generic/libgeneric.a(LzmaDecode.o)
 .debug_frame   0x0000000000001900       0x54 board/rt2880/librt2880.a(rt2880.o)
 .debug_frame   0x0000000000001954       0x84 board/rt2880/librt2880.a(serial.o)
 .debug_frame   0x00000000000019d8       0x50 cpu/ralink_soc/libralink_soc.a(cpu.o)
 .debug_frame   0x0000000000001a28       0x68 lib_mips/libmips.a(mips_linux.o)

.debug_pubnames
                0x0000000000000000     0x1585
 .debug_pubnames
                0x0000000000000000      0x13b lib_mips/libmips.a(board.o)
 .debug_pubnames
                0x000000000000013b       0x45 lib_mips/libmips.a(time.o)
 .debug_pubnames
                0x0000000000000180      0x38e net/libnet.a(net.o)
 .debug_pubnames
                0x000000000000050e       0x3d net/libnet.a(tftp.o)
 .debug_pubnames
                0x000000000000054b       0x93 net/libnet.a(eth.o)
 .debug_pubnames
                0x00000000000005de      0x150 drivers/libdrivers.a(rt2880_eth.o)
 .debug_pubnames
                0x000000000000072e       0xaa drivers/libdrivers.a(mii_mgr.o)
 .debug_pubnames
                0x00000000000007d8       0xdc drivers/libdrivers.a(spi_flash.o)
 .debug_pubnames
                0x00000000000008b4       0x44 common/libcommon.a(main.o)
 .debug_pubnames
                0x00000000000008f8       0x47 common/libcommon.a(cmd_boot.o)
 .debug_pubnames
                0x000000000000093f       0x63 common/libcommon.a(cmd_bootm.o)
 .debug_pubnames
                0x00000000000009a2      0x188 common/libcommon.a(cmd_load.o)
 .debug_pubnames
                0x0000000000000b2a       0x39 common/libcommon.a(cmd_net.o)
 .debug_pubnames
                0x0000000000000b63      0x105 common/libcommon.a(cmd_mem.o)
 .debug_pubnames
                0x0000000000000c68       0xaf common/libcommon.a(cmd_nvedit.o)
 .debug_pubnames
                0x0000000000000d17       0x88 common/libcommon.a(command.o)
 .debug_pubnames
                0x0000000000000d9f      0x10e common/libcommon.a(console.o)
 .debug_pubnames
                0x0000000000000ead       0x76 common/libcommon.a(devices.o)
 .debug_pubnames
                0x0000000000000f23       0xb3 common/libcommon.a(dlmalloc.o)
 .debug_pubnames
                0x0000000000000fd6       0x88 common/libcommon.a(env_common.o)
 .debug_pubnames
                0x000000000000105e       0x35 common/libcommon.a(exports.o)
 .debug_pubnames
                0x0000000000001093       0xc2 common/libcommon.a(lists.o)
 .debug_pubnames
                0x0000000000001155       0x86 common/libcommon.a(env_spi.o)
 .debug_pubnames
                0x00000000000011db       0x1c lib_generic/libgeneric.a(crc32.o)
 .debug_pubnames
                0x00000000000011f7       0x35 lib_generic/libgeneric.a(display_options.o)
 .debug_pubnames
                0x000000000000122c       0x7b lib_generic/libgeneric.a(string.o)
 .debug_pubnames
                0x00000000000012a7       0x5a lib_generic/libgeneric.a(vsprintf.o)
 .debug_pubnames
                0x0000000000001301      0x12d lib_generic/libgeneric.a(LzmaDecode.o)
 .debug_pubnames
                0x000000000000142e       0x1d lib_generic/libgeneric.a(ctype.o)
 .debug_pubnames
                0x000000000000144b       0x3f board/rt2880/librt2880.a(rt2880.o)
 .debug_pubnames
                0x000000000000148a       0x74 board/rt2880/librt2880.a(serial.o)
 .debug_pubnames
                0x00000000000014fe       0x62 cpu/ralink_soc/libralink_soc.a(cpu.o)
 .debug_pubnames
                0x0000000000001560       0x25 lib_mips/libmips.a(mips_linux.o)

.debug_aranges  0x0000000000000000       0x20
 .debug_aranges
                0x0000000000000000       0x20 lib_mips/libmips.a(board.o)

.debug_ranges   0x0000000000000000      0x588
 .debug_ranges  0x0000000000000000       0x30 lib_mips/libmips.a(board.o)
 .debug_ranges  0x0000000000000030       0x48 net/libnet.a(net.o)
 .debug_ranges  0x0000000000000078       0x18 net/libnet.a(tftp.o)
 .debug_ranges  0x0000000000000090       0x30 net/libnet.a(eth.o)
 .debug_ranges  0x00000000000000c0       0x40 drivers/libdrivers.a(rt2880_eth.o)
 .debug_ranges  0x0000000000000100      0x158 drivers/libdrivers.a(spi_flash.o)
 .debug_ranges  0x0000000000000258       0x30 common/libcommon.a(main.o)
 .debug_ranges  0x0000000000000288       0x18 common/libcommon.a(cmd_bootm.o)
 .debug_ranges  0x00000000000002a0       0x28 common/libcommon.a(cmd_load.o)
 .debug_ranges  0x00000000000002c8       0x18 common/libcommon.a(cmd_net.o)
 .debug_ranges  0x00000000000002e0       0x18 common/libcommon.a(cmd_mem.o)
 .debug_ranges  0x00000000000002f8       0xf0 common/libcommon.a(cmd_nvedit.o)
 .debug_ranges  0x00000000000003e8       0x38 common/libcommon.a(command.o)
 .debug_ranges  0x0000000000000420       0x38 common/libcommon.a(console.o)
 .debug_ranges  0x0000000000000458       0x50 common/libcommon.a(dlmalloc.o)
 .debug_ranges  0x00000000000004a8       0x20 lib_generic/libgeneric.a(vsprintf.o)
 .debug_ranges  0x00000000000004c8       0x78 lib_generic/libgeneric.a(LzmaDecode.o)
 .debug_ranges  0x0000000000000540       0x48 lib_mips/libmips.a(mips_linux.o)

.debug_str      0x0000000000000000     0x2a46
 .debug_str     0x0000000000000000      0x526 lib_mips/libmips.a(board.o)
                                        0x5c6 (size before relaxing)
 .debug_str     0x0000000000000526       0x63 lib_mips/libmips.a(time.o)
                                        0x14f (size before relaxing)
 .debug_str     0x0000000000000589      0x56e net/libnet.a(net.o)
                                        0x753 (size before relaxing)
 .debug_str     0x0000000000000af7       0xea net/libnet.a(tftp.o)
                                        0x2a6 (size before relaxing)
 .debug_str     0x0000000000000be1       0xd0 net/libnet.a(eth.o)
                                        0x2af (size before relaxing)
 .debug_str     0x0000000000000cb1      0x505 drivers/libdrivers.a(rt2880_eth.o)
                                        0x764 (size before relaxing)
 .debug_str     0x00000000000011b6       0xd1 drivers/libdrivers.a(mii_mgr.o)
                                        0x227 (size before relaxing)
 .debug_str     0x0000000000001287      0x27f drivers/libdrivers.a(spi_flash.o)
                                        0x44c (size before relaxing)
 .debug_str     0x0000000000001506      0x135 common/libcommon.a(main.o)
                                        0x255 (size before relaxing)
 .debug_str     0x000000000000163b       0x34 common/libcommon.a(cmd_boot.o)
                                        0x157 (size before relaxing)
 .debug_str     0x000000000000166f       0xff common/libcommon.a(cmd_bootm.o)
                                        0x261 (size before relaxing)
 .debug_str     0x000000000000176e      0x25a common/libcommon.a(cmd_load.o)
                                        0x4be (size before relaxing)
 .debug_str     0x00000000000019c8       0x56 common/libcommon.a(cmd_net.o)
                                        0x22b (size before relaxing)
 .debug_str     0x0000000000001a1e      0x127 common/libcommon.a(cmd_mem.o)
                                        0x26b (size before relaxing)
 .debug_str     0x0000000000001b45       0xbb common/libcommon.a(cmd_nvedit.o)
                                        0x327 (size before relaxing)
 .debug_str     0x0000000000001c00       0x95 common/libcommon.a(command.o)
                                        0x21e (size before relaxing)
 .debug_str     0x0000000000001c95      0x18f common/libcommon.a(console.o)
                                        0x3b4 (size before relaxing)
 .debug_str     0x0000000000001e24       0x56 common/libcommon.a(devices.o)
                                        0x2db (size before relaxing)
 .debug_str     0x0000000000001e7a      0x2eb common/libcommon.a(dlmalloc.o)
                                        0x511 (size before relaxing)
 .debug_str     0x0000000000002165       0x8c common/libcommon.a(env_common.o)
                                        0x252 (size before relaxing)
 .debug_str     0x00000000000021f1       0x2b common/libcommon.a(exports.o)
                                        0x1d3 (size before relaxing)
 .debug_str     0x000000000000221c      0x150 common/libcommon.a(lists.o)
                                        0x28e (size before relaxing)
 .debug_str     0x000000000000236c       0x6e common/libcommon.a(env_spi.o)
                                        0x282 (size before relaxing)
 .debug_str     0x00000000000023da       0x7d lib_generic/libgeneric.a(crc32.o)
                                        0x124 (size before relaxing)
 .debug_str     0x0000000000002457       0x2d lib_generic/libgeneric.a(display_options.o)
                                        0x112 (size before relaxing)
 .debug_str     0x0000000000002484       0x55 lib_generic/libgeneric.a(string.o)
                                        0x142 (size before relaxing)
 .debug_str     0x00000000000024d9       0x76 lib_generic/libgeneric.a(vsprintf.o)
                                        0x19e (size before relaxing)
 .debug_str     0x000000000000254f      0x28a lib_generic/libgeneric.a(LzmaDecode.o)
                                        0x38c (size before relaxing)
 .debug_str     0x00000000000027d9        0x8 lib_generic/libgeneric.a(ctype.o)
                                         0x6c (size before relaxing)
 .debug_str     0x00000000000027e1       0x7b board/rt2880/librt2880.a(rt2880.o)
                                        0x138 (size before relaxing)
 .debug_str     0x000000000000285c       0x61 board/rt2880/librt2880.a(serial.o)
                                        0x12d (size before relaxing)
 .debug_str     0x00000000000028bd       0xc2 cpu/ralink_soc/libralink_soc.a(cpu.o)
                                        0x1c7 (size before relaxing)
 .debug_str     0x000000000000297f       0xc7 lib_mips/libmips.a(mips_linux.o)
                                        0x3c2 (size before relaxing)

.comment        0x0000000000000000      0x252
 .comment       0x0000000000000000       0x12 lib_mips/libmips.a(board.o)
 .comment       0x0000000000000012       0x12 lib_mips/libmips.a(time.o)
 .comment       0x0000000000000024       0x12 net/libnet.a(net.o)
 .comment       0x0000000000000036       0x12 net/libnet.a(tftp.o)
 .comment       0x0000000000000048       0x12 net/libnet.a(eth.o)
 .comment       0x000000000000005a       0x12 drivers/libdrivers.a(rt2880_eth.o)
 .comment       0x000000000000006c       0x12 drivers/libdrivers.a(mii_mgr.o)
 .comment       0x000000000000007e       0x12 drivers/libdrivers.a(spi_flash.o)
 .comment       0x0000000000000090       0x12 common/libcommon.a(main.o)
 .comment       0x00000000000000a2       0x12 common/libcommon.a(cmd_boot.o)
 .comment       0x00000000000000b4       0x12 common/libcommon.a(cmd_bootm.o)
 .comment       0x00000000000000c6       0x12 common/libcommon.a(cmd_load.o)
 .comment       0x00000000000000d8       0x12 common/libcommon.a(cmd_net.o)
 .comment       0x00000000000000ea       0x12 common/libcommon.a(cmd_mem.o)
 .comment       0x00000000000000fc       0x12 common/libcommon.a(cmd_nvedit.o)
 .comment       0x000000000000010e       0x12 common/libcommon.a(command.o)
 .comment       0x0000000000000120       0x12 common/libcommon.a(console.o)
 .comment       0x0000000000000132       0x12 common/libcommon.a(devices.o)
 .comment       0x0000000000000144       0x12 common/libcommon.a(dlmalloc.o)
 .comment       0x0000000000000156       0x12 common/libcommon.a(env_common.o)
 .comment       0x0000000000000168       0x12 common/libcommon.a(exports.o)
 .comment       0x000000000000017a       0x12 common/libcommon.a(lists.o)
 .comment       0x000000000000018c       0x12 common/libcommon.a(env_spi.o)
 .comment       0x000000000000019e       0x12 lib_generic/libgeneric.a(crc32.o)
 .comment       0x00000000000001b0       0x12 lib_generic/libgeneric.a(display_options.o)
 .comment       0x00000000000001c2       0x12 lib_generic/libgeneric.a(string.o)
 .comment       0x00000000000001d4       0x12 lib_generic/libgeneric.a(vsprintf.o)
 .comment       0x00000000000001e6       0x12 lib_generic/libgeneric.a(LzmaDecode.o)
 .comment       0x00000000000001f8       0x12 lib_generic/libgeneric.a(ctype.o)
 .comment       0x000000000000020a       0x12 board/rt2880/librt2880.a(rt2880.o)
 .comment       0x000000000000021c       0x12 board/rt2880/librt2880.a(serial.o)
 .comment       0x000000000000022e       0x12 cpu/ralink_soc/libralink_soc.a(cpu.o)
 .comment       0x0000000000000240       0x12 lib_mips/libmips.a(mips_linux.o)

.debug_abbrev.1
                0x0000000000000000      0x111
 .debug_abbrev  0x0000000000000000      0x111 lib_mips/libmips.a(time.o)

.debug_info.2   0x0000000000000000      0x1de
 .debug_info    0x0000000000000000      0x1de lib_mips/libmips.a(time.o)

.debug_line.3   0x0000000000000000       0xd2
 .debug_line    0x0000000000000000       0xd2 lib_mips/libmips.a(time.o)

.debug_aranges.4
                0x0000000000000000       0x20
 .debug_aranges
                0x0000000000000000       0x20 lib_mips/libmips.a(time.o)

.debug_abbrev.5
                0x0000000000000000      0x334
 .debug_abbrev  0x0000000000000000      0x334 net/libnet.a(net.o)

.debug_info.6   0x0000000000000000     0x1372
 .debug_info    0x0000000000000000     0x1372 net/libnet.a(net.o)

.debug_line.7   0x0000000000000000      0x5a7
 .debug_line    0x0000000000000000      0x5a7 net/libnet.a(net.o)

.debug_aranges.8
                0x0000000000000000       0x20
 .debug_aranges
                0x0000000000000000       0x20 net/libnet.a(net.o)

.debug_abbrev.9
                0x0000000000000000      0x200
 .debug_abbrev  0x0000000000000000      0x200 net/libnet.a(tftp.o)

.debug_info.10  0x0000000000000000      0x57a
 .debug_info    0x0000000000000000      0x57a net/libnet.a(tftp.o)

.debug_line.11  0x0000000000000000      0x317
 .debug_line    0x0000000000000000      0x317 net/libnet.a(tftp.o)

.debug_aranges.12
                0x0000000000000000       0x20
 .debug_aranges
                0x0000000000000000       0x20 net/libnet.a(tftp.o)

.debug_abbrev.13
                0x0000000000000000      0x226
 .debug_abbrev  0x0000000000000000      0x226 net/libnet.a(eth.o)

.debug_info.14  0x0000000000000000      0x500
 .debug_info    0x0000000000000000      0x500 net/libnet.a(eth.o)

.debug_line.15  0x0000000000000000      0x16e
 .debug_line    0x0000000000000000      0x16e net/libnet.a(eth.o)

.debug_aranges.16
                0x0000000000000000       0x20
 .debug_aranges
                0x0000000000000000       0x20 net/libnet.a(eth.o)

.debug_abbrev.17
                0x0000000000000000      0x2b3
 .debug_abbrev  0x0000000000000000      0x2b3 drivers/libdrivers.a(rt2880_eth.o)

.debug_info.18  0x0000000000000000      0xf9a
 .debug_info    0x0000000000000000      0xf9a drivers/libdrivers.a(rt2880_eth.o)

.debug_line.19  0x0000000000000000      0x4ad
 .debug_line    0x0000000000000000      0x4ad drivers/libdrivers.a(rt2880_eth.o)

.debug_aranges.20
                0x0000000000000000       0x20
 .debug_aranges
                0x0000000000000000       0x20 drivers/libdrivers.a(rt2880_eth.o)

.debug_abbrev.21
                0x0000000000000000      0x184
 .debug_abbrev  0x0000000000000000      0x184 drivers/libdrivers.a(mii_mgr.o)

.debug_info.22  0x0000000000000000      0x459
 .debug_info    0x0000000000000000      0x459 drivers/libdrivers.a(mii_mgr.o)

.debug_line.23  0x0000000000000000      0x21d
 .debug_line    0x0000000000000000      0x21d drivers/libdrivers.a(mii_mgr.o)

.debug_aranges.24
                0x0000000000000000       0x20
 .debug_aranges
                0x0000000000000000       0x20 drivers/libdrivers.a(mii_mgr.o)

.debug_abbrev.25
                0x0000000000000000      0x2ad
 .debug_abbrev  0x0000000000000000      0x2ad drivers/libdrivers.a(spi_flash.o)

.debug_info.26  0x0000000000000000      0xf90
 .debug_info    0x0000000000000000      0xf90 drivers/libdrivers.a(spi_flash.o)

.debug_line.27  0x0000000000000000      0x50c
 .debug_line    0x0000000000000000      0x50c drivers/libdrivers.a(spi_flash.o)

.debug_aranges.28
                0x0000000000000000       0x20
 .debug_aranges
                0x0000000000000000       0x20 drivers/libdrivers.a(spi_flash.o)

.debug_abbrev.29
                0x0000000000000000      0x213
 .debug_abbrev  0x0000000000000000      0x213 common/libcommon.a(main.o)

.debug_info.30  0x0000000000000000      0x4ff
 .debug_info    0x0000000000000000      0x4ff common/libcommon.a(main.o)

.debug_line.31  0x0000000000000000      0x1b5
 .debug_line    0x0000000000000000      0x1b5 common/libcommon.a(main.o)

.debug_aranges.32
                0x0000000000000000       0x20
 .debug_aranges
                0x0000000000000000       0x20 common/libcommon.a(main.o)

.debug_abbrev.33
                0x0000000000000000       0xd9
 .debug_abbrev  0x0000000000000000       0xd9 common/libcommon.a(cmd_boot.o)

.debug_info.34  0x0000000000000000      0x1cc
 .debug_info    0x0000000000000000      0x1cc common/libcommon.a(cmd_boot.o)

.debug_line.35  0x0000000000000000       0xde
 .debug_line    0x0000000000000000       0xde common/libcommon.a(cmd_boot.o)

.debug_aranges.36
                0x0000000000000000       0x20
 .debug_aranges
                0x0000000000000000       0x20 common/libcommon.a(cmd_boot.o)

.debug_abbrev.37
                0x0000000000000000      0x203
 .debug_abbrev  0x0000000000000000      0x203 common/libcommon.a(cmd_bootm.o)

.debug_info.38  0x0000000000000000      0x5b9
 .debug_info    0x0000000000000000      0x5b9 common/libcommon.a(cmd_bootm.o)

.debug_line.39  0x0000000000000000      0x2e0
 .debug_line    0x0000000000000000      0x2e0 common/libcommon.a(cmd_bootm.o)

.debug_aranges.40
                0x0000000000000000       0x20
 .debug_aranges
                0x0000000000000000       0x20 common/libcommon.a(cmd_bootm.o)

.debug_abbrev.41
                0x0000000000000000      0x241
 .debug_abbrev  0x0000000000000000      0x241 common/libcommon.a(cmd_load.o)

.debug_info.42  0x0000000000000000      0x97e
 .debug_info    0x0000000000000000      0x97e common/libcommon.a(cmd_load.o)

.debug_line.43  0x0000000000000000      0x2f9
 .debug_line    0x0000000000000000      0x2f9 common/libcommon.a(cmd_load.o)

.debug_aranges.44
                0x0000000000000000       0x20
 .debug_aranges
                0x0000000000000000       0x20 common/libcommon.a(cmd_load.o)

.debug_abbrev.45
                0x0000000000000000      0x191
 .debug_abbrev  0x0000000000000000      0x191 common/libcommon.a(cmd_net.o)

.debug_info.46  0x0000000000000000      0x3fb
 .debug_info    0x0000000000000000      0x3fb common/libcommon.a(cmd_net.o)

.debug_line.47  0x0000000000000000      0x186
 .debug_line    0x0000000000000000      0x186 common/libcommon.a(cmd_net.o)

.debug_aranges.48
                0x0000000000000000       0x20
 .debug_aranges
                0x0000000000000000       0x20 common/libcommon.a(cmd_net.o)

.debug_abbrev.49
                0x0000000000000000      0x190
 .debug_abbrev  0x0000000000000000      0x190 common/libcommon.a(cmd_mem.o)

.debug_info.50  0x0000000000000000      0x5ee
 .debug_info    0x0000000000000000      0x5ee common/libcommon.a(cmd_mem.o)

.debug_line.51  0x0000000000000000      0x1d2
 .debug_line    0x0000000000000000      0x1d2 common/libcommon.a(cmd_mem.o)

.debug_aranges.52
                0x0000000000000000       0x20
 .debug_aranges
                0x0000000000000000       0x20 common/libcommon.a(cmd_mem.o)

.debug_abbrev.53
                0x0000000000000000      0x252
 .debug_abbrev  0x0000000000000000      0x252 common/libcommon.a(cmd_nvedit.o)

.debug_info.54  0x0000000000000000      0x964
 .debug_info    0x0000000000000000      0x964 common/libcommon.a(cmd_nvedit.o)

.debug_line.55  0x0000000000000000      0x34e
 .debug_line    0x0000000000000000      0x34e common/libcommon.a(cmd_nvedit.o)

.debug_aranges.56
                0x0000000000000000       0x20
 .debug_aranges
                0x0000000000000000       0x20 common/libcommon.a(cmd_nvedit.o)

.debug_abbrev.57
                0x0000000000000000      0x1f2
 .debug_abbrev  0x0000000000000000      0x1f2 common/libcommon.a(command.o)

.debug_info.58  0x0000000000000000      0x44d
 .debug_info    0x0000000000000000      0x44d common/libcommon.a(command.o)

.debug_line.59  0x0000000000000000      0x19f
 .debug_line    0x0000000000000000      0x19f common/libcommon.a(command.o)

.debug_aranges.60
                0x0000000000000000       0x20
 .debug_aranges
                0x0000000000000000       0x20 common/libcommon.a(command.o)

.debug_abbrev.61
                0x0000000000000000      0x27b
 .debug_abbrev  0x0000000000000000      0x27b common/libcommon.a(console.o)

.debug_info.62  0x0000000000000000      0x94a
 .debug_info    0x0000000000000000      0x94a common/libcommon.a(console.o)

.debug_line.63  0x0000000000000000      0x286
 .debug_line    0x0000000000000000      0x286 common/libcommon.a(console.o)

.debug_aranges.64
                0x0000000000000000       0x20
 .debug_aranges
                0x0000000000000000       0x20 common/libcommon.a(console.o)

.debug_abbrev.65
                0x0000000000000000      0x1a8
 .debug_abbrev  0x0000000000000000      0x1a8 common/libcommon.a(devices.o)

.debug_info.66  0x0000000000000000      0x4f5
 .debug_info    0x0000000000000000      0x4f5 common/libcommon.a(devices.o)

.debug_line.67  0x0000000000000000      0x155
 .debug_line    0x0000000000000000      0x155 common/libcommon.a(devices.o)

.debug_aranges.68
                0x0000000000000000       0x20
 .debug_aranges
                0x0000000000000000       0x20 common/libcommon.a(devices.o)

.debug_abbrev.69
                0x0000000000000000      0x1de
 .debug_abbrev  0x0000000000000000      0x1de common/libcommon.a(dlmalloc.o)

.debug_info.70  0x0000000000000000      0xc2c
 .debug_info    0x0000000000000000      0xc2c common/libcommon.a(dlmalloc.o)

.debug_line.71  0x0000000000000000      0x3af
 .debug_line    0x0000000000000000      0x3af common/libcommon.a(dlmalloc.o)

.debug_aranges.72
                0x0000000000000000       0x20
 .debug_aranges
                0x0000000000000000       0x20 common/libcommon.a(dlmalloc.o)

.debug_abbrev.73
                0x0000000000000000      0x15f
 .debug_abbrev  0x0000000000000000      0x15f common/libcommon.a(env_common.o)

.debug_info.74  0x0000000000000000      0x383
 .debug_info    0x0000000000000000      0x383 common/libcommon.a(env_common.o)

.debug_line.75  0x0000000000000000      0x115
 .debug_line    0x0000000000000000      0x115 common/libcommon.a(env_common.o)

.debug_aranges.76
                0x0000000000000000       0x20
 .debug_aranges
                0x0000000000000000       0x20 common/libcommon.a(env_common.o)

.debug_abbrev.77
                0x0000000000000000       0xe6
 .debug_abbrev  0x0000000000000000       0xe6 common/libcommon.a(exports.o)

.debug_info.78  0x0000000000000000      0x23f
 .debug_info    0x0000000000000000      0x23f common/libcommon.a(exports.o)

.debug_line.79  0x0000000000000000       0x9f
 .debug_line    0x0000000000000000       0x9f common/libcommon.a(exports.o)

.debug_aranges.80
                0x0000000000000000       0x20
 .debug_aranges
                0x0000000000000000       0x20 common/libcommon.a(exports.o)

.debug_abbrev.81
                0x0000000000000000      0x183
 .debug_abbrev  0x0000000000000000      0x183 common/libcommon.a(lists.o)

.debug_info.82  0x0000000000000000      0x421
 .debug_info    0x0000000000000000      0x421 common/libcommon.a(lists.o)

.debug_line.83  0x0000000000000000      0x107
 .debug_line    0x0000000000000000      0x107 common/libcommon.a(lists.o)

.debug_aranges.84
                0x0000000000000000       0x20
 .debug_aranges
                0x0000000000000000       0x20 common/libcommon.a(lists.o)

.debug_abbrev.85
                0x0000000000000000      0x131
 .debug_abbrev  0x0000000000000000      0x131 common/libcommon.a(env_spi.o)

.debug_info.86  0x0000000000000000      0x3b2
 .debug_info    0x0000000000000000      0x3b2 common/libcommon.a(env_spi.o)

.debug_line.87  0x0000000000000000      0x172
 .debug_line    0x0000000000000000      0x172 common/libcommon.a(env_spi.o)

.debug_aranges.88
                0x0000000000000000       0x20
 .debug_aranges
                0x0000000000000000       0x20 common/libcommon.a(env_spi.o)

.debug_abbrev.89
                0x0000000000000000       0xdb
 .debug_abbrev  0x0000000000000000       0xdb lib_generic/libgeneric.a(crc32.o)

.debug_info.90  0x0000000000000000      0x1dc
 .debug_info    0x0000000000000000      0x1dc lib_generic/libgeneric.a(crc32.o)

.debug_line.91  0x0000000000000000       0x9a
 .debug_line    0x0000000000000000       0x9a lib_generic/libgeneric.a(crc32.o)

.debug_aranges.92
                0x0000000000000000       0x20
 .debug_aranges
                0x0000000000000000       0x20 lib_generic/libgeneric.a(crc32.o)

.debug_abbrev.93
                0x0000000000000000       0xc4
 .debug_abbrev  0x0000000000000000       0xc4 lib_generic/libgeneric.a(display_options.o)

.debug_info.94  0x0000000000000000      0x123
 .debug_info    0x0000000000000000      0x123 lib_generic/libgeneric.a(display_options.o)

.debug_line.95  0x0000000000000000       0xa7
 .debug_line    0x0000000000000000       0xa7 lib_generic/libgeneric.a(display_options.o)

.debug_aranges.96
                0x0000000000000000       0x20
 .debug_aranges
                0x0000000000000000       0x20 lib_generic/libgeneric.a(display_options.o)

.debug_abbrev.97
                0x0000000000000000      0x101
 .debug_abbrev  0x0000000000000000      0x101 lib_generic/libgeneric.a(string.o)

.debug_info.98  0x0000000000000000      0x361
 .debug_info    0x0000000000000000      0x361 lib_generic/libgeneric.a(string.o)

.debug_line.99  0x0000000000000000      0x10f
 .debug_line    0x0000000000000000      0x10f lib_generic/libgeneric.a(string.o)

.debug_aranges.100
                0x0000000000000000       0x20
 .debug_aranges
                0x0000000000000000       0x20 lib_generic/libgeneric.a(string.o)

.debug_abbrev.101
                0x0000000000000000      0x189
 .debug_abbrev  0x0000000000000000      0x189 lib_generic/libgeneric.a(vsprintf.o)

.debug_info.102
                0x0000000000000000      0x3e4
 .debug_info    0x0000000000000000      0x3e4 lib_generic/libgeneric.a(vsprintf.o)

.debug_line.103
                0x0000000000000000      0x1f1
 .debug_line    0x0000000000000000      0x1f1 lib_generic/libgeneric.a(vsprintf.o)

.debug_aranges.104
                0x0000000000000000       0x20
 .debug_aranges
                0x0000000000000000       0x20 lib_generic/libgeneric.a(vsprintf.o)

.debug_abbrev.105
                0x0000000000000000      0x17d
 .debug_abbrev  0x0000000000000000      0x17d lib_generic/libgeneric.a(LzmaDecode.o)

.debug_info.106
                0x0000000000000000      0x756
 .debug_info    0x0000000000000000      0x756 lib_generic/libgeneric.a(LzmaDecode.o)

.debug_line.107
                0x0000000000000000      0x21a
 .debug_line    0x0000000000000000      0x21a lib_generic/libgeneric.a(LzmaDecode.o)

.debug_aranges.108
                0x0000000000000000       0x20
 .debug_aranges
                0x0000000000000000       0x20 lib_generic/libgeneric.a(LzmaDecode.o)

.debug_abbrev.109
                0x0000000000000000       0x42
 .debug_abbrev  0x0000000000000000       0x42 lib_generic/libgeneric.a(ctype.o)

.debug_info.110
                0x0000000000000000       0x56
 .debug_info    0x0000000000000000       0x56 lib_generic/libgeneric.a(ctype.o)

.debug_line.111
                0x0000000000000000       0x28
 .debug_line    0x0000000000000000       0x28 lib_generic/libgeneric.a(ctype.o)

.debug_abbrev.112
                0x0000000000000000       0xc9
 .debug_abbrev  0x0000000000000000       0xc9 board/rt2880/librt2880.a(rt2880.o)

.debug_info.113
                0x0000000000000000      0x190
 .debug_info    0x0000000000000000      0x190 board/rt2880/librt2880.a(rt2880.o)

.debug_line.114
                0x0000000000000000       0xc1
 .debug_line    0x0000000000000000       0xc1 board/rt2880/librt2880.a(rt2880.o)

.debug_aranges.115
                0x0000000000000000       0x20
 .debug_aranges
                0x0000000000000000       0x20 board/rt2880/librt2880.a(rt2880.o)

.debug_abbrev.116
                0x0000000000000000       0xcf
 .debug_abbrev  0x0000000000000000       0xcf board/rt2880/librt2880.a(serial.o)

.debug_info.117
                0x0000000000000000      0x151
 .debug_info    0x0000000000000000      0x151 board/rt2880/librt2880.a(serial.o)

.debug_line.118
                0x0000000000000000       0x68
 .debug_line    0x0000000000000000       0x68 board/rt2880/librt2880.a(serial.o)

.debug_aranges.119
                0x0000000000000000       0x20
 .debug_aranges
                0x0000000000000000       0x20 board/rt2880/librt2880.a(serial.o)

.debug_abbrev.120
                0x0000000000000000      0x14e
 .debug_abbrev  0x0000000000000000      0x14e cpu/ralink_soc/libralink_soc.a(cpu.o)

.debug_info.121
                0x0000000000000000      0x40a
 .debug_info    0x0000000000000000      0x40a cpu/ralink_soc/libralink_soc.a(cpu.o)

.debug_line.122
                0x0000000000000000       0xe6
 .debug_line    0x0000000000000000       0xe6 cpu/ralink_soc/libralink_soc.a(cpu.o)

.debug_aranges.123
                0x0000000000000000       0x20
 .debug_aranges
                0x0000000000000000       0x20 cpu/ralink_soc/libralink_soc.a(cpu.o)

.debug_abbrev.124
                0x0000000000000000      0x1ee
 .debug_abbrev  0x0000000000000000      0x1ee lib_mips/libmips.a(mips_linux.o)

.debug_info.125
                0x0000000000000000      0x7c5
 .debug_info    0x0000000000000000      0x7c5 lib_mips/libmips.a(mips_linux.o)

.debug_line.126
                0x0000000000000000      0x316
 .debug_line    0x0000000000000000      0x316 lib_mips/libmips.a(mips_linux.o)

.debug_aranges.127
                0x0000000000000000       0x20
 .debug_aranges
                0x0000000000000000       0x20 lib_mips/libmips.a(mips_linux.o)
